// Jest Snapshot v1, https://goo.gl/fbAQLP

exports[`<App /> Component should take a snapshot of App component 1`] = `ShallowWrapper {}`;
