// Jest Snapshot v1, https://goo.gl/fbAQLP

exports[`<Footer /> Component should render footer component 1`] = `ShallowWrapper {}`;
