// Jest Snapshot v1, https://goo.gl/fbAQLP

exports[`<Header /> Component should render header component 1`] = `ShallowWrapper {}`;
