// Jest Snapshot v1, https://goo.gl/fbAQLP

exports[`<Home /> Component should render home component 1`] = `ShallowWrapper {}`;
