// Jest Snapshot v1, https://goo.gl/fbAQLP

exports[`PasswordReset Component should match snapshot 1`] = `ShallowWrapper {}`;
