// Jest Snapshot v1, https://goo.gl/fbAQLP

exports[`Sign In Component should render sign in component 1`] = `ShallowWrapper {}`;
